// Jest Snapshot v1, https://jestjs.io/docs/snapshot-testing

exports[`CardInfoObjective Snapshot testing matches snapshot 1`] = `
<div
  class="bg-white sm:w-[580px] w-full h-full rounded-lg shadow-xl relative overflow-hidden sm:p-10 p-5"
>
  <div
    class="flex justify-between flex-wrap"
  >
    <div
      class="  "
    >
      <p
        class="text-gray-custom-text font-bold sm:text-xl text-base"
      >
        Conocer mi sobrino
      </p>
      <p
        class="text-gray-custom-text font-bold sm:text-base text-sm"
      >
        Categoría: Bienestar
      </p>
    </div>
    <div>
      <button
        class="underline text-primary-custom font-semibold text-base hover:text-primary-hover-custom transition ease-in duration-150 cursor-pointer"
      >
        Revisar objetivo
      </button>
    </div>
  </div>
  <div
    class="mt-5 flex flex-wrap gap-5 lg:justify-between justify-center"
  >
    <div
      class=" "
    >
      <p
        class="text-base text-gray-custom-text text-center mb-1"
      >
        En esta fecha:
      </p>
      <p
        class="text-base text-gray-custom-text font-bold bg-blue-light-custom px-2 py-1 rounded-lg min-w-[130px]"
      >
        Diciembre/2022
      </p>
    </div>
    <div>
      <p
        class="text-base text-gray-custom-text text-center mb-1"
      >
        Lograrás:
      </p>
      <p
        class="text-base text-gray-custom-text font-bold bg-yellow-custom px-2 py-1 rounded-lg min-w-[130px] text-center"
      >
        $6.000.000
      </p>
    </div>
    <div>
      <div
        class="flex items-center mb-1 gap-1"
      >
        <img
          alt="icon_star"
          src="/mock-icon-star-orange.svg"
        />
        <p
          class="text-base text-gray-custom-text text-center "
        >
          Ya cuentas con:
        </p>
      </div>
      <p
        class="text-base text-gray-custom-text font-bold bg-green-light-custom px-2 py-1 rounded-lg min-w-[130px] text-center"
      >
        $0
      </p>
    </div>
  </div>
  <div
    class=" flex items-start mt-5 mb-24 gap-1"
  >
    <img
      alt="icon_check"
      class="mt-1"
      src="/mock-icon-check-green.svg"
    />
    <button
      class="text-base underline text-primary-custom font-semibold text-center hover:text-primary-hover-custom transition ease-in duration-150 cursor-pointer"
    >
      ¡Asocia productos para monitorear tú progreso!
    </button>
  </div>
  <img
    alt=""
    class=" w-30 absolute bottom-0 right-0"
    src="/mock-image-mountain-bg.png"
  />
</div>
`;
